[09:18:37] start
launch pid 21261 pgid 21261 xvfb 21256
[09:18:41] wait controllers
both controllers active after 9 s of polling
joint_state_broadcaster   joint_state_broadcaster/JointStateBroadcaster          active
leg_trajectory_controller joint_trajectory_controller/JointTrajectoryController  active
[09:18:53] preflight
SpiderX M6.1-A fixed-base observer (READ-ONLY: no goal, no command, no publisher)
READY: all fixed-base checks pass
  PASS  action_clients
  PASS  attachment
  PASS  body_pose_fresh
  PASS  command_publishers
  PASS  controllers
  PASS  frame_body_link
  PASS  joint_state_publishers
  PASS  joint_states
  PASS  robot_description
  PASS  sim_clock
  PASS  spawn_identity
Evidence: /home/user/spiderx_ws/spiderx_evidence/m61a_cloud_obs_20261009T083909Z/run_02/observer/20261009T091859Z/observation.json
preflight exit=0
[09:18:59] observe 120 s
SpiderX M6.1-A fixed-base observer (READ-ONLY: no goal, no command, no publisher)
READY: all fixed-base checks pass
  PASS  action_clients
  PASS  attachment
  PASS  body_pose_fresh
  PASS  command_publishers
  PASS  controllers
  PASS  frame_body_link
  PASS  joint_state_publishers
  PASS  joint_states
  PASS  robot_description
  PASS  sim_clock
  PASS  spawn_identity
Evidence: /home/user/spiderx_ws/spiderx_evidence/m61a_cloud_obs_20261009T083909Z/run_02/observer/20261009T092102Z/observation.json
observe exit=0
[09:21:02] captures
scans 40 joint_states 502 poses 556 clock 6405 weld {'type': 'fixed', 'parent': 'world', 'child': 'dummy_link', 'xyz': '0.0 0.0 0.125', 'rpy': '0 0 0.0'} own_publishers ['/parameter_events'] command_messages 0 action_status 0 controller_state [('/leg_trajectory_controller/controller_state', 207), ('/leg_trajectory_controller/state', 207)]
capture exit=0
screenshot exit=0
[09:21:25] scan check
[09:21:26] views
screenshot exit=0
move_to spiderx screenshot exit=0
side view screenshot exit=0
foot-level view screenshot exit=0
[09:21:42] stop
SIGINT sent to process group 21261
process group empty after 3 s
The daemon has been stopped
--- remaining (expect nothing):
none
[09:21:48] analysis
PASS 1   preflight READY                                                        [[]]
PASS 1b  120 s observation READY at its end                                     []
PASS 2a  body z mean within 1 mm of 0.125 m                                     0.125
PASS 2a  body z range <= 1 mm                                                   0
PASS 2b  attachment max translation <= 1 mm                                     0
PASS 2b  attachment max rotation <= 0.0033 rad                                  0
PASS 2c  spawn deviation <= 1 mm                                                0
PASS 2d  link deviation <= 0.1 mm                                               0
PASS 2e  tilt <= 0.0033 rad                                                     0
PASS 3   pose receipt max gap < 1.0 s (wall)                                    {"count": 6844, "mean_s": 0.017827953842466757, "p99_s": 0.036940131000392284, "p999_s": 0.051639912000155164,
PASS 3   joint-state sim gap max <= 0.25 s                                      0.02
PASS 4   no unexpected pose sample codes                                        {}
PASS 7   command ownership: no other commander visible                          {"ros2_action_info_clients": 0, "ros2_topic_info_publishers": 0, "observer_start": {"command_publishers": 0, "
PASS M   running /robot_description weld = world->dummy_link (0, 0, 0.125, rpy 0) {"type": "fixed", "parent": "world", "child": "dummy_link", "xyz": "0.0 0.0 0.125", "rpy": "0 0 0.0"}
PASS Z2  capture: 0 messages on the command topic and no action goal status     {"command_messages": 0, "status_messages": 0, "goal_statuses": []}
PASS Z3  controller reference constant over the capture (holding, no new command) {"/leg_trajectory_controller/controller_state": {"messages": 207, "max_ref_change_rad": null, "max_abs_error_r
PASS Z   no trajectory goal or topic command reached the controller (launch log) 0
PASS 6   /scan: per-surface median residual within +-8 mm (supplementary)       {"box_a/link": -0.0004865451993740777, "box_b/link": 0.001599364855392249, "pillar/link": 0.001246121025246571
PASS 6   /scan: fitted lidar planar pose within 8 mm of the weld-implied pose (8 cube-map seam beams excluded) {"fit_minus_expected_m_m_rad": [0.000283369907474032, 2.9378210195579735e-05, 0.0001101610442535428], "one_sig
PASS 8   clean shutdown: launch group empty, nothing left                       "none"
[09:21:48] end
RUN_ONE_EXIT=0
