Starting >>> spiderx_description
Starting >>> spiderx_firmware
Starting >>> spiderx_localization
Starting >>> spiderx_mapping
--- stderr: spiderx_localization
CMake Deprecation Warning at CMakeLists.txt:1 (cmake_minimum_required):
  Compatibility with CMake < 3.10 will be removed from a future version of
  CMake.

  Update the VERSION argument <min> value.  Or, use the <min>...<max> syntax
  to tell CMake that the project requires at least <min> but has been updated
  to work with policies introduced by <max> or earlier.


---
Finished <<< spiderx_localization [1.42s]
Starting >>> spiderx_navigation
--- stderr: spiderx_firmware
CMake Deprecation Warning at CMakeLists.txt:1 (cmake_minimum_required):
  Compatibility with CMake < 3.10 will be removed from a future version of
  CMake.

  Update the VERSION argument <min> value.  Or, use the <min>...<max> syntax
  to tell CMake that the project requires at least <min> but has been updated
  to work with policies introduced by <max> or earlier.


---
Finished <<< spiderx_firmware [1.50s]
--- stderr: spiderx_mapping
CMake Deprecation Warning at CMakeLists.txt:1 (cmake_minimum_required):
  Compatibility with CMake < 3.10 will be removed from a future version of
  CMake.

  Update the VERSION argument <min> value.  Or, use the <min>...<max> syntax
  to tell CMake that the project requires at least <min> but has been updated
  to work with policies introduced by <max> or earlier.


---
Finished <<< spiderx_mapping [1.51s]
--- stderr: spiderx_description
CMake Deprecation Warning at CMakeLists.txt:1 (cmake_minimum_required):
  Compatibility with CMake < 3.10 will be removed from a future version of
  CMake.

  Update the VERSION argument <min> value.  Or, use the <min>...<max> syntax
  to tell CMake that the project requires at least <min> but has been updated
  to work with policies introduced by <max> or earlier.


---
Finished <<< spiderx_description [1.83s]
Starting >>> spiderx_controller
--- stderr: spiderx_navigation
CMake Deprecation Warning at CMakeLists.txt:1 (cmake_minimum_required):
  Compatibility with CMake < 3.10 will be removed from a future version of
  CMake.

  Update the VERSION argument <min> value.  Or, use the <min>...<max> syntax
  to tell CMake that the project requires at least <min> but has been updated
  to work with policies introduced by <max> or earlier.


---
Finished <<< spiderx_navigation [1.32s]
--- stderr: spiderx_controller
CMake Deprecation Warning at CMakeLists.txt:1 (cmake_minimum_required):
  Compatibility with CMake < 3.10 will be removed from a future version of
  CMake.

  Update the VERSION argument <min> value.  Or, use the <min>...<max> syntax
  to tell CMake that the project requires at least <min> but has been updated
  to work with policies introduced by <max> or earlier.


---
Finished <<< spiderx_controller [9.69s]
Starting >>> spiderx_bringup
Starting >>> spiderx_scripts
Finished <<< spiderx_scripts [0.94s]
--- stderr: spiderx_bringup
CMake Deprecation Warning at CMakeLists.txt:1 (cmake_minimum_required):
  Compatibility with CMake < 3.10 will be removed from a future version of
  CMake.

  Update the VERSION argument <min> value.  Or, use the <min>...<max> syntax
  to tell CMake that the project requires at least <min> but has been updated
  to work with policies introduced by <max> or earlier.


---
Finished <<< spiderx_bringup [1.34s]

Summary: 8 packages finished [13.6s]
  7 packages had stderr output: spiderx_bringup spiderx_controller spiderx_description spiderx_firmware spiderx_localization spiderx_mapping spiderx_navigation
colcon build exit=0
