cycle 1 stopped
cycle 2 stopped
cycle 3 stopped
cycle 4 stopped
cycle 5 stopped
cycle 6 stopped
cycle 7 stopped
cycle 8 stopped
cycle 9 stopped
cycle 10 stopped
cycle 11 stopped
cycle 12 stopped
cycle 13 stopped
cycle 14 stopped
cycle 15 stopped
cycle 16 stopped
cycle 17 stopped
cycle 18 stopped
cycle 19 stopped
cycle 20 stopped
cycle 21 stopped
cycle 22 stopped
cycle 23 stopped
cycle 24 stopped
cycle 25 stopped
cycle 26 stopped
cycle 27 stopped
cycle 28 stopped
cycle 29 stopped
ORPHAN Task InvalidHandle('cannot use Destroyable because destruction was requested')
Traceback (most recent call last):
  File "/opt/mm/root/envs/humble/lib/python3.11/site-packages/rclpy/task.py", line 254, in __call__
    self._handler.send(None)
  File "/opt/mm/root/envs/humble/lib/python3.11/site-packages/rclpy/executors.py", line 444, in handler
    gc.trigger()
  File "/opt/mm/root/envs/humble/lib/python3.11/site-packages/rclpy/guard_condition.py", line 33, in trigger
    with self.__gc:
rclpy._rclpy_pybind11.InvalidHandle: cannot use Destroyable because destruction was requested

ORPHAN handler None args []
cycle 30 stopped
cycle 31 stopped
cycle 32 stopped
cycle 33 stopped
cycle 34 stopped
cycle 35 stopped
cycle 36 stopped
cycle 37 stopped
cycle 38 stopped
cycle 39 stopped
cycle 40 stopped
cycle 41 stopped
cycle 42 stopped
cycle 43 stopped
cycle 44 stopped
cycle 45 stopped
cycle 46 stopped
cycle 47 stopped
cycle 48 stopped
cycle 49 stopped
cycle 50 stopped
cycle 51 stopped
cycle 52 stopped
cycle 53 stopped
cycle 54 stopped
cycle 55 stopped
cycle 56 stopped
cycle 57 stopped
cycle 58 stopped
cycle 59 stopped
cycle 60 stopped
cycle 61 stopped
cycle 62 stopped
cycle 63 stopped
cycle 64 stopped
cycle 65 stopped
cycle 66 stopped
cycle 67 stopped
cycle 68 stopped
cycle 69 stopped
cycle 70 stopped
cycle 71 stopped
cycle 72 stopped
cycle 73 stopped
cycle 74 stopped
cycle 75 stopped
cycle 76 stopped
cycle 77 stopped
cycle 78 stopped
cycle 79 stopped
cycle 80 stopped
cycle 81 stopped
cycle 82 stopped
cycle 83 stopped
cycle 84 stopped
ORPHAN Task InvalidHandle('cannot use Destroyable because destruction was requested')
Traceback (most recent call last):
  File "/opt/mm/root/envs/humble/lib/python3.11/site-packages/rclpy/task.py", line 254, in __call__
    self._handler.send(None)
  File "/opt/mm/root/envs/humble/lib/python3.11/site-packages/rclpy/executors.py", line 444, in handler
    gc.trigger()
  File "/opt/mm/root/envs/humble/lib/python3.11/site-packages/rclpy/guard_condition.py", line 33, in trigger
    with self.__gc:
rclpy._rclpy_pybind11.InvalidHandle: cannot use Destroyable because destruction was requested

ORPHAN handler None args []
cycle 85 stopped
cycle 86 stopped
cycle 87 stopped
cycle 88 stopped
cycle 89 stopped
cycle 90 stopped
cycle 91 stopped
cycle 92 stopped
cycle 93 stopped
cycle 94 stopped
ORPHAN Task InvalidHandle('cannot use Destroyable because destruction was requested')
Traceback (most recent call last):
  File "/opt/mm/root/envs/humble/lib/python3.11/site-packages/rclpy/task.py", line 254, in __call__
    self._handler.send(None)
  File "/opt/mm/root/envs/humble/lib/python3.11/site-packages/rclpy/executors.py", line 444, in handler
    gc.trigger()
  File "/opt/mm/root/envs/humble/lib/python3.11/site-packages/rclpy/guard_condition.py", line 33, in trigger
    with self.__gc:
rclpy._rclpy_pybind11.InvalidHandle: cannot use Destroyable because destruction was requested

ORPHAN handler None args []
cycle 95 stopped
cycle 96 stopped
ORPHAN Task InvalidHandle('cannot use Destroyable because destruction was requested')
Traceback (most recent call last):
  File "/opt/mm/root/envs/humble/lib/python3.11/site-packages/rclpy/task.py", line 254, in __call__
    self._handler.send(None)
  File "/opt/mm/root/envs/humble/lib/python3.11/site-packages/rclpy/executors.py", line 444, in handler
    gc.trigger()
  File "/opt/mm/root/envs/humble/lib/python3.11/site-packages/rclpy/guard_condition.py", line 33, in trigger
    with self.__gc:
rclpy._rclpy_pybind11.InvalidHandle: cannot use Destroyable because destruction was requested

ORPHAN handler None args []
cycle 97 stopped
ORPHAN Task InvalidHandle('cannot use Destroyable because destruction was requested')
Traceback (most recent call last):
  File "/opt/mm/root/envs/humble/lib/python3.11/site-packages/rclpy/task.py", line 254, in __call__
    self._handler.send(None)
  File "/opt/mm/root/envs/humble/lib/python3.11/site-packages/rclpy/executors.py", line 444, in handler
    gc.trigger()
  File "/opt/mm/root/envs/humble/lib/python3.11/site-packages/rclpy/guard_condition.py", line 33, in trigger
    with self.__gc:
rclpy._rclpy_pybind11.InvalidHandle: cannot use Destroyable because destruction was requested

ORPHAN handler None args []
cycle 98 stopped
cycle 99 stopped
cycle 100 stopped
cycle 101 stopped
cycle 102 stopped
cycle 103 stopped
cycle 104 stopped
cycle 105 stopped
cycle 106 stopped
cycle 107 stopped
cycle 108 stopped
cycle 109 stopped
cycle 110 stopped
cycle 111 stopped
cycle 112 stopped
cycle 113 stopped
cycle 114 stopped
cycle 115 stopped
cycle 116 stopped
cycle 117 stopped
cycle 118 stopped
cycle 119 stopped
cycle 120 stopped
cycle 121 stopped
cycle 122 stopped
cycle 123 stopped
cycle 124 stopped
cycle 125 stopped
cycle 126 stopped
cycle 127 stopped
cycle 128 stopped
cycle 129 stopped
cycle 130 stopped
cycle 131 stopped
cycle 132 stopped
cycle 133 stopped
cycle 134 stopped
cycle 135 stopped
cycle 136 stopped
cycle 137 stopped
cycle 138 stopped
cycle 139 stopped
ORPHAN Task InvalidHandle('cannot use Destroyable because destruction was requested')
Traceback (most recent call last):
  File "/opt/mm/root/envs/humble/lib/python3.11/site-packages/rclpy/task.py", line 254, in __call__
    self._handler.send(None)
  File "/opt/mm/root/envs/humble/lib/python3.11/site-packages/rclpy/executors.py", line 444, in handler
    gc.trigger()
  File "/opt/mm/root/envs/humble/lib/python3.11/site-packages/rclpy/guard_condition.py", line 33, in trigger
    with self.__gc:
rclpy._rclpy_pybind11.InvalidHandle: cannot use Destroyable because destruction was requested

ORPHAN handler None args []
cycle 140 stopped
cycle 141 stopped
cycle 142 stopped
cycle 143 stopped
cycle 144 stopped
cycle 145 stopped
cycle 146 stopped
cycle 147 stopped
cycle 148 stopped
cycle 149 stopped
cycle 150 stopped
DONE original 150 cycles, file /home/user/spiderx_ws/spiderx_evidence/m6d_diag_20261009T082638Z/original_stack/m6d_isolated_stack.py
