[16:51:35] start
launch pid 8633 pgid 8633 xvfb 8630
[16:51:39] wait controllers
both controllers active after 41 s of polling
joint_state_broadcaster   joint_state_broadcaster/JointStateBroadcaster          active
leg_trajectory_controller joint_trajectory_controller/JointTrajectoryController  active
[16:52:23] preflight
SpiderX M6.1-A fixed-base observer (READ-ONLY: no goal, no command, no publisher)
READY: all fixed-base checks pass
  PASS  action_clients
  PASS  attachment
  PASS  body_pose_fresh
  PASS  body_pose_sim_progress
  PASS  command_publishers
  PASS  controllers
  PASS  frame_body_link
  PASS  joint_state_publishers
  PASS  joint_states
  PASS  robot_description
  PASS  sim_clock
  PASS  spawn_identity
Evidence: /root/spiderx_evidence/observation_b982d8d/run_04/observer/20261009T165228Z/observation.json
preflight exit=0
[16:52:28] observe 120 s
SpiderX M6.1-A fixed-base observer (READ-ONLY: no goal, no command, no publisher)
READY: all fixed-base checks pass
  PASS  action_clients
  PASS  attachment
  PASS  body_pose_fresh
  PASS  body_pose_sim_progress
  PASS  command_publishers
  PASS  controllers
  PASS  frame_body_link
  PASS  joint_state_publishers
  PASS  joint_states
  PASS  robot_description
  PASS  sim_clock
  PASS  spawn_identity
Evidence: /root/spiderx_evidence/observation_b982d8d/run_04/observer/20261009T165432Z/observation.json
observe exit=0
[16:54:32] captures
scans 40 joint_states 587 poses 430 clock 5897 weld {'type': 'fixed', 'parent': 'world', 'child': 'dummy_link', 'xyz': '0.0 0.0 0.125', 'rpy': '0 0 0.0'} own_publishers ['/parameter_events'] command_messages 0 action_status 0 controller_state [('/leg_trajectory_controller/controller_state', 241), ('/leg_trajectory_controller/state', 241)]
capture exit=0
screenshot exit=0
[16:54:53] scan check
[16:54:55] views
screenshot exit=0
move_to spiderx screenshot exit=0
side view screenshot exit=0
foot-level view screenshot exit=0
[16:55:12] stop
SIGINT sent to process group 8633
process group empty after 5 s
The daemon has been stopped
--- remaining (expect nothing):
none
[16:55:19] analysis
PASS 1   preflight READY                                                        [[]]
PASS 1b  120 s observation READY at its end                                     []
PASS 2a  body z mean within 1 mm of 0.125 m                                     0.125
PASS 2a  body z range <= 1 mm                                                   0
PASS 2b  attachment max translation <= 1 mm                                     0
PASS 2b  attachment max rotation <= 0.0033 rad                                  0
PASS 2c  spawn deviation <= 1 mm                                                0
PASS 2d  link deviation <= 0.1 mm                                               0
PASS 2e  tilt <= 0.0033 rad                                                     0
PASS 3   pose receipt max gap < 1.0 s (wall)                                    {"count": 6814, "mean_s": 0.017904423192573, "p99_s": 0.03758817800007819, "p999_s": 0.05780369000012797, "max
PASS 3   joint-state sim gap max <= 0.25 s                                      0.02
PASS 4   no unexpected pose sample codes                                        {}
PASS 7   command ownership: no other commander visible                          {"ros2_action_info_clients": 0, "ros2_topic_info_publishers": 0, "observer_start": {"command_publishers": 0, "
PASS M   running /robot_description weld = world->dummy_link (0, 0, 0.125, rpy 0) {"type": "fixed", "parent": "world", "child": "dummy_link", "xyz": "0.0 0.0 0.125", "rpy": "0 0 0.0"}
PASS Z2  capture: 0 messages on the command topic and no action goal status     {"command_messages": 0, "status_messages": 0, "goal_statuses": []}
PASS Z3  controller reference constant over the capture (holding, no new command) {"/leg_trajectory_controller/controller_state": {"messages": 241, "max_ref_change_rad": 0.0, "max_abs_error_ra
PASS Z   no trajectory goal or topic command reached the controller (launch log) 0
PASS 6   /scan: per-surface median residual within +-8 mm (supplementary)       {"box_a/link": -0.00027915429836500305, "box_b/link": 0.0018083042840737473, "pillar/link": 0.0019687246183845
PASS 6   /scan: fitted lidar planar pose within 8 mm of the weld-implied pose (8 cube-map seam beams excluded) {"fit_minus_expected_m_m_rad": [0.0004883092869906874, 5.194826094979954e-05, 0.00011655825343992454], "one_si
PASS 8   clean shutdown: launch group empty, nothing left                       "none"
[16:55:20] end
run_one exit=0
