[09:22:41] start
launch pid 22385 pgid 22385 xvfb 22380
[09:22:44] wait controllers
both controllers active after 10 s of polling
[INFO] [1791537772.023327394] [_ros2cli_22674]: waiting for service /controller_manager/list_controllers to become available...
joint_state_broadcaster   joint_state_broadcaster/JointStateBroadcaster          active
leg_trajectory_controller joint_trajectory_controller/JointTrajectoryController  active
[09:22:57] preflight
SpiderX M6.1-A fixed-base observer (READ-ONLY: no goal, no command, no publisher)
READY: all fixed-base checks pass
  PASS  action_clients
  PASS  attachment
  PASS  body_pose_fresh
  PASS  command_publishers
  PASS  controllers
  PASS  frame_body_link
  PASS  joint_state_publishers
  PASS  joint_states
  PASS  robot_description
  PASS  sim_clock
  PASS  spawn_identity
Evidence: /home/user/spiderx_ws/spiderx_evidence/m61a_cloud_obs_20261009T083909Z/run_03/observer/20261009T092302Z/observation.json
preflight exit=0
[09:23:03] observe 120 s
SpiderX M6.1-A fixed-base observer (READ-ONLY: no goal, no command, no publisher)
READY: all fixed-base checks pass
  PASS  action_clients
  PASS  attachment
  PASS  body_pose_fresh
  PASS  command_publishers
  PASS  controllers
  PASS  frame_body_link
  PASS  joint_state_publishers
  PASS  joint_states
  PASS  robot_description
  PASS  sim_clock
  PASS  spawn_identity
Evidence: /home/user/spiderx_ws/spiderx_evidence/m61a_cloud_obs_20261009T083909Z/run_03/observer/20261009T092506Z/observation.json
observe exit=0
[09:25:06] captures
scans 40 joint_states 715 poses 562 clock 6435 weld {'type': 'fixed', 'parent': 'world', 'child': 'dummy_link', 'xyz': '0.0 0.0 0.125', 'rpy': '0 0 0.0'} own_publishers ['/parameter_events'] command_messages 0 action_status 0 controller_state [('/leg_trajectory_controller/controller_state', 290), ('/leg_trajectory_controller/state', 290)]
capture exit=0
screenshot exit=0
[09:25:29] scan check
[09:25:30] views
screenshot exit=0
move_to spiderx screenshot exit=0
side view screenshot exit=0
foot-level view screenshot exit=0
[09:25:46] stop
SIGINT sent to process group 22385
process group empty after 4 s
The daemon has been stopped
--- remaining (expect nothing):
none
[09:25:53] analysis
PASS 1   preflight READY                                                        [[]]
PASS 1b  120 s observation READY at its end                                     []
PASS 2a  body z mean within 1 mm of 0.125 m                                     0.125
PASS 2a  body z range <= 1 mm                                                   0
PASS 2b  attachment max translation <= 1 mm                                     0
PASS 2b  attachment max rotation <= 0.0033 rad                                  0
PASS 2c  spawn deviation <= 1 mm                                                0
PASS 2d  link deviation <= 0.1 mm                                               0
PASS 2e  tilt <= 0.0033 rad                                                     0
PASS 3   pose receipt max gap < 1.0 s (wall)                                    {"count": 6861, "mean_s": 0.01778333436588924, "p99_s": 0.0373106120000557, "p999_s": 0.0535175119998712, "max
PASS 3   joint-state sim gap max <= 0.25 s                                      0.01
PASS 4   no unexpected pose sample codes                                        {}
PASS 7   command ownership: no other commander visible                          {"ros2_action_info_clients": 0, "ros2_topic_info_publishers": 0, "observer_start": {"command_publishers": 0, "
PASS M   running /robot_description weld = world->dummy_link (0, 0, 0.125, rpy 0) {"type": "fixed", "parent": "world", "child": "dummy_link", "xyz": "0.0 0.0 0.125", "rpy": "0 0 0.0"}
PASS Z2  capture: 0 messages on the command topic and no action goal status     {"command_messages": 0, "status_messages": 0, "goal_statuses": []}
PASS Z3  controller reference constant over the capture (holding, no new command) {"/leg_trajectory_controller/controller_state": {"messages": 290, "max_ref_change_rad": 0.0, "max_abs_error_ra
PASS Z   no trajectory goal or topic command reached the controller (launch log) 0
PASS 6   /scan: per-surface median residual within +-8 mm (supplementary)       {"box_a/link": 3.261467936699347e-05, "box_b/link": 0.00030352600746375025, "pillar/link": 0.00193151377454170
PASS 6   /scan: fitted lidar planar pose within 8 mm of the weld-implied pose (8 cube-map seam beams excluded) {"fit_minus_expected_m_m_rad": [0.0001654262971908238, 1.5215500139727223e-05, 4.259356897007294e-05], "one_si
PASS 8   clean shutdown: launch group empty, nothing left                       "none"
[09:25:54] end
RUN_ONE_EXIT=0
